// Jest Snapshot v1, https://goo.gl/fbAQLP

exports[`InfoPanel renders address data correctly 1`] = `
<div
  className="info-panel"
>
  <div
    className="info address"
  >
    <div>
      <strong>
        測試地點-1
      </strong>
       
      Test-City-1
    </div>
  </div>
</div>
`;

exports[`InfoPanel renders empty data correctly 1`] = `
<div
  className="info-panel"
>
  <div
    className="info empty"
  >
    <div
      className="section"
    >
      Chinese headstones often document ancestral hometown addresses. This visualization links headstones to their addresses.
    </div>
    <div
      className="section"
    >
      Select a headstone on the right or hometown on the left to see their links. Zoom by scrolling and pan by dragging.
    </div>
    <div
      className="section"
    >
      Drag the slider to filter by birth date and burial date. Headstones without birth dates will be hidden.
    </div>
    <div
      className="section"
    >
      Best viewed on a larger screen. See 
      <a
        href="/about"
      >
        About
      </a>
       for more information.
    </div>
  </div>
</div>
`;

exports[`InfoPanel renders headstone data correctly 1`] = `
<div
  className="info-panel"
>
  <div
    className="info headstone"
  >
    <div
      className="section"
    >
      <div>
        <strong>
          測試名稱-1
        </strong>
         
        Test-FirstName-1
         
        Test-LastName-1
      </div>
      <div>
        1900
        –
        1980
      </div>
    </div>
    <div
      className="section"
    >
      <div>
        <strong>
          Address
        </strong>
      </div>
      <div>
        Note
      </div>
      <div>
        Test-Province, 
        Test-City-1
        , Test-Town
        , Test-Village
        , Test-Neighbourhood
      </div>
    </div>
    <div
      className="section"
    >
      <div>
        <strong>
          Cemetery
        </strong>
      </div>
      Test-Cemetery
       Cemetery
      <div>
        Test-Section
         
        Test-Block
         
        Test-Plot
      </div>
    </div>
    <div
      className="section"
    >
      <i>
        Test-Note
      </i>
    </div>
  </div>
</div>
`;
